TASKS 468
DONE 1 468 l3_v0 6 2.624180542512225 0.04904179058077314 P:8:13 -> P:12:17 14.3
DONE 2 468 l3_v0 0 2.626041411599763 0.02864128476806415 P:5:10 -> P:12:17 14.4
DONE 3 468 l3_v0 9 2.6234593871594867 0.03512436262247983 P:3:8 -> P:12:17 15.2
DONE 4 468 l3_v0 5 2.6208862916495925 0.07742410197702808 W:21:T -> P:12:17 15.3
DONE 5 468 l3_v0 15 2.6235628390525436 0.044379985340962005 W:22:T -> P:12:17 15.8
DONE 6 468 l3_v0 8 2.629963817239181 -0.06606073509877049 P:1:7 -> P:12:17 16.0
DONE 7 468 l3_v0 1 2.6238223020891027 0.0515473300459878 P:18:23 -> P:12:17 16.4
DONE 8 468 l3_v0 2 2.6105483957636686 0.09549038886182544 P:2:3 -> P:11:18 18.1
DONE 9 468 l3_v0 12 2.6285388459148953 -0.049973954238823004 P:19:23 -> P:12:17 18.3
DONE 10 468 l3_v0 7 2.6187622857570987 -0.008286475236499152 P:21:22 -> P:11:18 18.9
DONE 11 468 l3_v0 13 2.6188679780429265 0.0013156751726027243 W:9:R -> P:11:18 19.1
DONE 12 468 l3_v0 10 2.61057333419025 0.022397461705393827 P:11:17 -> P:12:16 19.4
DONE 13 468 l3_v0 14 2.6213024702493977 -0.02140276299143316 W:19:R -> P:11:18 20.1
DONE 14 468 l3_v0 4 2.59366788564189 0.1738764306684257 W:14:R -> P:11:18 20.3
DONE 15 468 l3_v0 11 2.61321848222017 0.00704549369933357 P:17:18 -> P:11:18 23.1
DONE 16 468 l3_v0 3 2.598777039757358 0.0012141066014715617 P:11:12 -> P:6:18 25.4
DONE 17 468 l3_v0 18 2.6228615634828616 0.08470605560510815 P:6:11 -> P:12:17 28.8
DONE 18 468 l3_v0 19 2.6235780279119516 0.06045784785313042 P:9:14 -> P:12:17 31.0
DONE 19 468 l3_v0 21 2.6221065748776056 0.06800560081729884 W:24:T -> P:12:17 32.3
DONE 20 468 l3_v0 16 2.626542555610894 -0.05262664833919496 P:5:6 -> P:11:18 32.7
DONE 21 468 l3_v0 17 2.616100520986127 -0.0037748701457499217 P:6:10 -> P:5:11 33.3
DONE 22 468 l3_v0 26 2.635328412488803 -0.01155124471331824 P:10:16 -> P:12:17 34.5
DONE 23 468 l3_v0 29 2.6284901853920557 -0.039546086107528106 P:18:22 -> P:12:17 35.3
DONE 24 468 l3_v0 27 2.617085737059251 0.0912321288085214 P:11:16 -> P:12:17 35.4
DONE 25 468 l3_v0 24 2.624597747307045 -0.04692514305039661 P:6:12 -> P:11:18 35.5
DONE 26 468 l3_v0 22 2.6207772777681253 -0.02115540071859376 P:0:1 -> P:11:18 36.2
DONE 27 468 l3_v0 28 2.622680373493375 0.06776770259994187 P:15:20 -> P:12:17 36.6
DONE 28 468 l3_v0 23 2.6151648359241215 0.03466221397315995 P:1:2 -> P:11:18 36.7
DONE 29 468 l3_v0 20 2.598717810495129 0.21668402123897212 W:24:R -> P:11:18 36.9
DONE 30 468 l3_v0 25 2.6179066339648194 -0.01696988495848415 P:7:25 -> P:11:18 37.2
DONE 31 468 l3_v0 31 2.62329446236001 0.07349143483492063 W:0:B -> P:12:17 40.7
DONE 32 468 l3_v0 30 2.609240633913083 0.10160620719514629 W:0:L -> P:11:18 42.9
DONE 33 468 l3_v0 32 2.6184927997676155 0.12429611599968124 W:1:B -> P:12:17 44.1
DONE 34 468 l3_v0 33 2.623306397455494 0.0471570337352893 W:2:B -> P:12:17 45.2
DONE 35 468 l3_v0 34 2.6258733256681643 0.008427355479144158 W:3:B -> P:12:17 46.3
DONE 36 468 l3_v0 36 2.622080476653811 0.06720820813119997 W:4:B -> P:12:17 48.9
DONE 37 468 l3_v0 41 2.6169570878779234 0.11898548166102405 P:1:25 -> P:12:17 52.0
DONE 38 468 l3_v0 44 2.6240282631688037 0.05952358296745198 P:4:9 -> P:12:17 52.0
DONE 39 468 l3_v0 43 2.628396793178522 -0.043915152270313014 P:2:8 -> P:12:17 53.2
DONE 40 468 l3_v0 42 2.6195368782338635 0.04731447443333555 P:2:7 -> P:12:17 53.8
DONE 41 468 l3_v0 38 2.6208841493161157 -0.04461342389088005 W:10:L -> P:11:18 54.2
DONE 42 468 l3_v0 35 2.5969132551582965 0.17398076068623147 W:4:R -> P:11:18 54.5
DONE 43 468 l3_v0 37 2.6036767850530342 0.13039708938881678 W:5:L -> P:11:18 55.1
DONE 44 468 l3_v0 46 2.6244264421380814 0.034941641970116205 P:6:25 -> P:12:17 55.4
DONE 45 468 l3_v0 40 2.6149839950407916 0.024923574044040348 W:20:L -> P:11:18 55.9
DONE 46 468 l3_v0 39 2.592373189031966 0.11805992698663086 W:15:L -> P:11:18 56.9
DONE 47 468 l3_v0 45 2.6071557868266018 0.04384822421959672 P:5:25 -> P:0:6 57.0
DONE 48 468 l3_v0 47 2.6184785910786172 0.009147997770615871 P:7:8 -> P:11:18 60.9
DONE 49 468 l3_v0 48 2.619684686409985 0.009023749732425743 P:8:9 -> P:11:18 61.1
DONE 50 468 l3_v0 49 2.6299965008983026 -0.0838093488229688 P:9:13 -> P:12:17 61.4
DONE 51 468 l3_v0 50 2.618206341083258 0.022510325285038473 P:12:13 -> P:11:18 62.3
DONE 52 468 l3_v0 51 2.6235255695568833 0.056692455070218445 P:14:19 -> P:12:17 63.8
DONE 53 468 l3_v0 53 2.6287866726215885 -0.017744432229322673 P:0:5 -> P:12:17 66.5
DONE 54 468 l3_v0 59 2.628902384560445 -0.027904802857093805 P:7:12 -> P:12:17 68.5
DONE 55 468 l3_v0 55 2.6241014190901635 0.06008333417801589 P:19:24 -> P:12:17 68.8
DONE 56 468 l3_v0 52 2.6175228544827744 0.010618599561484388 P:16:17 -> P:11:18 69.9
DONE 57 468 l3_v0 57 2.620759195090422 0.10892844535000196 W:20:T -> P:12:17 71.3
DONE 58 468 l3_v0 54 2.614009453643612 0.01938669305417903 P:0:25 -> P:1:5 71.3
DONE 59 468 l3_v0 56 2.608463009527077 0.13307260991662911 P:22:23 -> P:11:18 72.1
DONE 60 468 l3_v0 60 2.6247610194565367 -0.03956525114398681 P:8:12 -> P:12:17 73.1
DONE 61 468 l3_v0 58 2.6286130458927013 -0.059380063924855585 P:3:9 -> P:12:17 73.6
DONE 62 468 l3_v0 61 2.628315329816038 -0.08850107058147783 P:10:11 -> P:11:18 73.9
DONE 63 468 l3_v0 62 2.6301884603557446 -0.08392169550265224 P:13:19 -> P:12:17 74.7
DONE 64 468 l3_v0 64 2.6206327718250675 0.027020408297593262 P:17:22 -> P:12:17 78.6
DONE 65 468 l3_v0 65 2.6230613703243204 -0.024375127629789863 P:18:19 -> P:11:18 78.8
DONE 66 468 l3_v0 63 2.6284744108545435 -0.018994682095125472 P:16:20 -> P:15:21 79.6
DONE 67 468 l3_v0 66 2.615219166328197 0.04215318932655606 P:20:21 -> P:11:18 81.7
DONE 68 468 l3_v0 68 2.6259417225920103 0.0178546655493752 W:23:T -> P:12:17 81.9
DONE 69 468 l3_v0 67 2.6063967908210897 0.15006319815353297 P:23:24 -> P:11:18 83.1
DONE 70 468 l3_v0 72 2.6237538242336464 0.0327974127247116 P:13:18 -> P:12:17 85.9
DONE 71 468 l3_v0 69 2.6044233702818045 0.15928737279214167 P:3:4 -> P:11:18 86.6
DONE 72 468 l3_v0 70 2.6165902943045607 -0.006914620287308444 P:6:7 -> P:12:25 87.9
DONE 73 468 l3_v0 76 2.6216648430956075 0.06353108214757594 P:10:15 -> P:12:17 88.3
DONE 74 468 l3_v0 75 2.6267799067043556 -0.016321206783370762 P:17:21 -> P:12:17 88.9
DONE 75 468 l3_v0 74 2.621013427991196 0.08211287336554894 P:16:21 -> P:12:17 89.3
DONE 76 468 l3_v0 71 2.6260624063871827 -0.05149238301293572 P:12:18 -> P:12:17 89.7
DONE 77 468 l3_v0 77 2.6119285253234197 0.07232515547098603 P:13:14 -> P:11:18 89.9
DONE 78 468 l3_v0 73 2.609890660244814 0.07574276412019254 P:15:16 -> P:11:18 90.7
DONE 79 468 l3_v1 0 2.622429194322722 0.21242654252763093 P:13:14 -> P:14:18 90.7
DONE 80 468 l3_v1 1 2.6256002804202434 0.0973624355196149 W:19:R -> P:14:18 91.5
DONE 81 468 l3_v1 2 2.6258140605167193 0.1158886163426927 P:2:3 -> P:14:18 93.1
DONE 82 468 l3_v1 6 2.6201728884253113 0.2682894033381361 W:24:R -> P:14:18 97.5
DONE 83 468 l3_v1 4 2.6207591950904217 0.1089284453500021 W:20:T -> P:13:19 99.4
DONE 84 468 l3_v1 3 2.6247610194566473 -0.03956525114477463 P:8:12 -> P:13:19 99.8
DONE 85 468 l3_v1 5 2.625941722592045 0.01785466554924929 W:23:T -> P:13:19 100.3
DONE 86 468 l3_v1 10 2.6268604398523796 0.05009827197365044 P:7:25 -> P:14:18 102.1
DONE 87 468 l3_v1 8 2.626041411599697 0.028641284767490723 P:5:10 -> P:13:19 103.3
DONE 88 468 l3_v1 7 2.6221065748776056 0.06800560081729914 W:24:T -> P:13:19 103.9
DONE 89 468 l3_v1 16 2.624988957864333 0.13086285025156139 P:15:16 -> P:14:18 104.7
DONE 90 468 l3_v1 14 2.6205248642848638 0.2181468695419666 P:5:25 -> P:14:18 105.4
DONE 91 468 l3_v1 17 2.628806368723685 -0.0057451916483894135 P:16:17 -> P:14:18 106.2
DONE 92 468 l3_v1 11 2.617085737059271 0.09123212880753975 P:11:16 -> P:13:19 106.6
DONE 93 468 l3_v1 9 2.6229050656606008 -0.015585661899517392 P:6:10 -> P:5:11 106.7
DONE 94 468 l3_v1 13 2.6235255695568833 0.05669245507021839 P:14:19 -> P:13:19 107.0
DONE 95 468 l3_v1 18 2.6278834678212855 0.03895160528478552 P:20:21 -> P:14:18 107.3
DONE 96 468 l3_v1 12 2.6103264641095008 0.02576319069791642 P:11:17 -> P:12:16 107.9
DONE 97 468 l3_v1 15 2.6260624063872067 -0.05149238301316387 P:12:18 -> P:13:19 109.4
DONE 98 468 l3_v1 19 2.6248051478100964 0.14926335906701838 P:22:23 -> P:14:18 111.6
DONE 99 468 l3_v1 21 2.626796060119353 0.07621670253814368 P:1:2 -> P:14:18 113.4
DONE 100 468 l3_v1 20 2.6199393273817533 0.3093994999546252 W:4:R -> P:14:18 113.9
DONE 101 468 l3_v1 22 2.628396793178522 -0.043915152270312674 P:2:8 -> P:13:19 117.1
DONE 102 468 l3_v1 27 2.625081771224209 0.13057866349136638 W:0:L -> P:14:18 120.2
DONE 103 468 l3_v1 23 2.6155661025638333 -0.005060036466981262 P:6:7 -> P:12:25 120.2
DONE 104 468 l3_v1 24 2.622861563482836 0.0847060556049169 P:6:11 -> P:13:19 121.1
DONE 105 468 l3_v1 26 2.6284901853920557 -0.03954608610752793 P:18:22 -> P:13:19 121.5
DONE 106 468 l3_v1 33 2.6220234802701814 0.22133061781687244 W:5:L -> P:14:18 122.4
DONE 107 468 l3_v1 34 2.627111686864808 0.05333511931960192 W:9:R -> P:14:18 123.0
DONE 108 468 l3_v1 29 2.6184927997676155 0.12429611599968107 W:1:B -> P:13:19 123.1
DONE 109 468 l3_v1 30 2.6233063974554276 0.04715703373527519 W:2:B -> P:13:19 123.7
DONE 110 468 l3_v1 28 2.6232944623600076 0.07349143483491342 W:0:B -> P:13:19 123.8
DONE 111 468 l3_v1 32 2.6220804766538386 0.06720820813142803 W:4:B -> P:13:19 124.1
DONE 112 468 l3_v1 31 2.625873325668165 0.00842735547913962 W:3:B -> P:13:19 124.2
DONE 113 468 l3_v1 25 2.6299965008983026 -0.08380934882297178 P:9:13 -> P:13:19 124.6
DONE 114 468 l3_v1 35 2.6270100611835794 0.054835144480625174 W:10:L -> P:14:18 125.3
DONE 115 468 l3_v1 36 2.6152574812131606 0.3834414283912173 W:15:L -> P:14:18 128.6
DONE 116 468 l3_v1 37 2.6273822391819412 0.047169015011293794 W:20:L -> P:14:18 129.0
DONE 117 468 l3_v1 38 2.6287866726215845 -0.017744432229406897 P:0:5 -> P:13:19 135.6
DONE 118 468 l3_v1 43 2.627294333239134 0.04894373817065155 P:7:8 -> P:14:18 136.1
DONE 119 468 l3_v1 42 2.628224826190628 -0.007520398698354924 P:5:6 -> P:14:18 136.7
DONE 120 468 l3_v1 45 2.628334194439765 0.009211851281641868 P:10:11 -> P:14:18 137.0
DONE 121 468 l3_v1 49 2.62804239305824 0.03213868653514565 P:17:18 -> P:14:18 137.5
DONE 122 468 l3_v1 39 2.6299638172390876 -0.06606073509508407 P:1:7 -> P:13:19 137.5
DONE 123 468 l3_v1 46 2.6247929853243464 0.09864453326852779 P:11:12 -> P:14:18 138.1
DONE 124 468 l3_v1 41 2.6240282631687966 0.05952358296741588 P:4:9 -> P:13:19 138.6
DONE 125 468 l3_v1 44 2.628902384560522 -0.027904802857459655 P:7:12 -> P:13:19 140.4
DONE 126 468 l3_v1 40 2.62861304589288 -0.059380063916773196 P:3:9 -> P:13:19 140.5
DONE 127 468 l3_v1 48 2.621013427991196 0.08211287336554826 P:16:21 -> P:13:19 142.8
DONE 128 468 l3_v1 51 2.6235628390525103 0.04437998534100842 W:22:T -> P:13:19 142.9
DONE 129 468 l3_v1 47 2.6237538242336464 0.03279741272471248 P:13:18 -> P:13:19 143.2
DONE 130 468 l3_v1 50 2.6267799067043556 -0.016321206783370634 P:17:21 -> P:13:19 144.4
DONE 131 468 l3_v1 53 2.619536878234118 0.04731447444127482 P:2:7 -> P:13:19 147.4
DONE 132 468 l3_v1 52 2.6169570878779234 0.11898548166102448 P:1:25 -> P:13:19 148.0
DONE 133 468 l3_v1 59 2.6238659728299556 0.1819483909926474 P:3:4 -> P:14:18 151.0
DONE 134 468 l3_v1 60 2.6296821373292003 -0.03471680249645513 P:6:12 -> P:14:18 152.6
DONE 135 468 l3_v1 54 2.623459387159487 0.03512436262248255 P:3:8 -> P:13:19 153.1
DONE 136 468 l3_v1 57 2.6241014190905445 0.06008333417948833 P:19:24 -> P:13:19 153.8
DONE 137 468 l3_v1 56 2.6307131975274003 -0.06113055229995098 P:12:17 -> P:13:19 154.3
DONE 138 468 l3_v1 62 2.6295930697512233 -0.028010797770204526 P:8:9 -> P:14:18 154.6
DONE 139 468 l3_v1 55 2.635328412488803 -0.011551244713318356 P:10:16 -> P:13:19 155.3
DONE 140 468 l3_v1 58 2.614025964953358 0.01625744162254626 P:0:25 -> P:1:5 155.6
DONE 141 468 l3_v1 65 2.624660539305524 0.14331865375518732 W:14:R -> P:14:18 156.3
DONE 142 468 l3_v1 61 2.62442644213806 0.034941641970050195 P:6:25 -> P:13:19 156.3
DONE 143 468 l3_v1 64 2.6267360936465804 0.079892197610988 P:21:22 -> P:14:18 157.2
DONE 144 468 l3_v1 63 2.620632771825103 0.02702040829452824 P:17:22 -> P:13:19 157.2
DONE 145 468 l3_v1 67 2.6285130461069057 0.007358461119251003 P:0:1 -> P:14:18 158.2
DONE 146 468 l3_v1 66 2.620886291649499 0.07742410197624534 W:21:T -> P:13:19 161.4
DONE 147 468 l3_v1 70 2.6272939867841005 0.061646258211295504 P:12:13 -> P:14:18 163.8
DONE 148 468 l3_v1 68 2.624180542512225 0.049041790580772834 P:8:13 -> P:13:19 164.9
DONE 149 468 l3_v1 69 2.6216648430954343 0.06353108214577664 P:10:15 -> P:13:19 165.4
DONE 150 468 l3_v1 73 2.623016968894698 0.20280563247489744 P:23:24 -> P:14:18 168.4
DONE 151 468 l3_v1 77 2.6268927089481546 0.06597003247435793 P:18:19 -> P:14:18 169.7
DONE 152 468 l3_v2 0 2.626963966058822 0.0683185119929813 P:8:9 -> P:8:14 170.4
DONE 153 468 l3_v1 74 2.623578027911944 0.06045784785306492 P:9:14 -> P:13:19 170.5
DONE 154 468 l3_v1 72 2.6226803734933757 0.06776770259994334 P:15:20 -> P:13:19 170.6
DONE 155 468 l3_v2 3 2.620587928989575 0.28097589572589465 W:4:R -> P:8:14 171.6
DONE 156 468 l3_v2 2 2.6267886374878713 0.08218625635852501 P:21:22 -> P:8:14 171.7
DONE 157 468 l3_v1 76 2.6238223020891027 0.05154733004598829 P:18:23 -> P:13:19 171.9
DONE 158 468 l3_v2 1 2.6226803734933744 0.06776770259994189 P:15:20 -> P:9:13 173.4
DONE 159 468 l3_v1 71 2.6285388459148957 -0.049973954238822504 P:19:23 -> P:13:19 174.4
DONE 160 468 l3_v1 75 2.6281253913610074 0.07130072993775148 P:16:20 -> P:15:21 175.9
DONE 161 468 l3_v2 4 2.625941722592045 0.017854665549249714 W:23:T -> P:9:13 176.5
DONE 162 468 l3_v2 5 2.628902384560498 -0.02790480285744809 P:7:12 -> P:9:13 179.7
DONE 163 468 l3_v2 6 2.62088629164952 0.07742410197632371 W:21:T -> P:9:13 180.6
DONE 164 468 l3_v2 7 2.6287866726215836 -0.017744432229407435 P:0:5 -> P:9:13 182.3
DONE 165 468 l3_v2 12 2.620613631095702 0.3123586195876045 W:24:R -> P:8:14 183.7
DONE 166 468 l3_v2 10 2.627192170400001 0.055198968404142415 W:19:R -> P:8:14 183.8
DONE 167 468 l3_v2 8 2.623578027911944 0.06045784785306492 P:9:14 -> P:9:13 183.9
DONE 168 468 l3_v2 14 2.626897485901436 0.07807477316639407 P:1:2 -> P:8:14 184.6
DONE 169 468 l3_v2 15 2.625023747403454 0.15206898144935976 P:2:3 -> P:8:14 185.1
DONE 170 468 l3_v2 9 2.6170857370592713 0.09123212880754006 P:11:16 -> P:9:13 186.6
DONE 171 468 l3_v2 13 2.622106574877607 0.06800560081731004 W:24:T -> P:9:13 187.6
DONE 172 468 l3_v2 11 2.6235628390525276 0.04437998534098222 W:22:T -> P:9:13 188.1
DONE 173 468 l3_v2 18 2.6281273279977206 -0.003234863319239524 P:5:6 -> P:8:14 188.7
DONE 174 468 l3_v2 16 2.619536878233841 0.04731447443269789 P:2:7 -> P:9:13 191.0
DONE 175 468 l3_v2 17 2.628396793178522 -0.043915152270312556 P:2:8 -> P:9:13 191.7
DONE 176 468 l3_v2 19 2.624426442138081 0.03494164197011303 P:6:25 -> P:9:13 193.0
DONE 177 468 l3_v2 23 2.6248712487175716 0.14772833492871762 W:14:R -> P:8:14 195.6
DONE 178 468 l3_v2 20 2.6247610194566473 -0.03956525114477493 P:8:12 -> P:9:13 195.9
DONE 179 468 l3_v2 24 2.6288320085069334 -0.001055983173622813 P:0:1 -> P:8:14 197.2
DONE 180 468 l3_v2 22 2.6267799067043556 -0.01632120678336993 P:17:21 -> P:9:13 198.3
DONE 181 468 l3_v2 28 2.62717291146124 0.05843547923866576 P:17:18 -> P:8:14 198.7
DONE 182 468 l3_v2 27 2.6228838265039167 0.21675564464639957 P:13:14 -> P:8:14 199.5
DONE 183 468 l3_v2 21 2.628033865697783 0.09108046288486171 P:16:20 -> P:15:21 199.8
DONE 184 468 l3_v2 25 2.613734253786279 0.014164228506951712 P:0:25 -> P:1:5 200.3
DONE 185 468 l3_v2 30 2.6274318326111232 0.05410542901187723 P:20:21 -> P:8:14 200.9
DONE 186 468 l3_v2 31 2.6259441016954836 0.11316996539679475 W:0:L -> P:8:14 202.3
DONE 187 468 l3_v2 26 2.6353284124888026 -0.01155124471331752 P:10:16 -> P:9:13 203.4
DONE 188 468 l3_v2 29 2.620632771825103 0.027020408294528675 P:17:22 -> P:9:13 205.0
DONE 189 468 l3_v2 32 2.6232944623600076 0.07349143483491316 W:0:B -> P:9:13 205.9
DONE 190 468 l3_v2 33 2.6184927997676155 0.12429611599968049 W:1:B -> P:9:13 207.9
DONE 191 468 l3_v2 34 2.6233063974554156 0.04715703373522429 W:2:B -> P:9:13 210.0
DONE 192 468 l3_v2 35 2.6258733256681643 0.00842735547913959 W:3:B -> P:9:13 210.0
DONE 193 468 l3_v2 37 2.6228964348167865 0.21442604760900894 W:5:L -> P:8:14 210.2
DONE 194 468 l3_v2 38 2.6269408283425815 0.0614610141285509 W:10:L -> P:8:14 210.2
DONE 195 468 l3_v2 40 2.6268294287527136 0.06691079342902945 W:20:L -> P:8:14 214.2
DONE 196 468 l3_v2 36 2.622080476653811 0.06720820813120014 W:4:B -> P:9:13 214.4
DONE 197 468 l3_v2 39 2.61528508444242 0.41841979116536376 W:15:L -> P:8:14 214.6
DONE 198 468 l3_v2 45 2.6292669206648944 -0.029039005424458048 P:6:12 -> P:8:14 216.6
DONE 199 468 l3_v2 42 2.6234593871594867 0.035124362622479484 P:3:8 -> P:9:13 216.7
DONE 200 468 l3_v2 46 2.6281923158507663 0.026515831497594695 P:7:8 -> P:8:14 217.0
DONE 201 468 l3_v2 41 2.6169570878779234 0.1189854816610237 P:1:25 -> P:9:13 218.4
DONE 202 468 l3_v2 47 2.6274246674648523 0.04117160933997871 P:7:25 -> P:8:14 219.2
DONE 203 468 l3_v2 44 2.616698995039504 0.019264538113918855 P:6:7 -> P:12:25 221.0
DONE 204 468 l3_v2 49 2.62798003476833 0.017338331417655287 P:10:11 -> P:8:14 221.7
DONE 205 468 l3_v2 43 2.62861304589288 -0.059380063916774355 P:3:9 -> P:9:13 222.1
DONE 206 468 l3_v2 52 2.6246784852251195 0.15007383679217975 P:15:16 -> P:8:14 224.9
DONE 207 468 l3_v2 48 2.624180542512225 0.04904179058077309 P:8:13 -> P:9:13 225.7
DONE 208 468 l3_v2 53 2.6241014190901466 0.06008333417792576 P:19:24 -> P:9:13 227.4
DONE 209 468 l3_v2 56 2.6281777774011332 0.01056738804203923 P:16:17 -> P:8:14 229.0
DONE 210 468 l3_v2 51 2.630188460355744 -0.08392169550265344 P:13:19 -> P:9:13 229.9
DONE 211 468 l3_v2 50 2.6107814863563785 0.020617513445638884 P:11:17 -> P:12:16 230.8
DONE 212 468 l3_v2 54 2.6260414115997346 0.028641284767539115 P:5:10 -> P:9:13 231.0
DONE 213 468 l3_v2 59 2.6221852076366803 0.20901954306556536 P:5:25 -> P:8:14 231.1
DONE 214 468 l3_v2 61 2.627340526929188 0.06285743051246971 P:12:13 -> P:8:14 231.7
DONE 215 468 l3_v2 60 2.625718844440752 0.09304749662652853 P:11:12 -> P:8:14 231.8
DONE 216 468 l3_v2 55 2.6234220082356887 -0.05929278893370448 P:6:10 -> P:8:14 231.9
DONE 217 468 l3_v2 58 2.624028263168811 0.05952358296747432 P:4:9 -> P:9:13 232.5
DONE 218 468 l3_v2 57 2.620759195090408 0.10892844535000706 W:20:T -> P:9:13 234.8
DONE 219 468 l3_v2 63 2.6284901853920557 -0.03954608610752855 P:18:22 -> P:9:13 239.0
DONE 220 468 l3_v2 64 2.6238223020891027 0.05154733004598793 P:18:23 -> P:9:13 239.3
DONE 221 468 l3_v2 62 2.6260624063872067 -0.051492383013163716 P:12:18 -> P:9:13 239.4
DONE 222 468 l3_v2 66 2.625991151460602 0.11737999649104246 P:22:23 -> P:8:14 239.4
DONE 223 468 l3_v2 67 2.6242426094844595 0.1822399265657707 P:23:24 -> P:8:14 241.2
DONE 224 468 l3_v2 65 2.6285388459146963 -0.04997395425658456 P:19:23 -> P:9:13 243.7
DONE 225 468 l3_v2 71 2.6257014972076873 0.10329869662444097 W:9:R -> P:8:14 244.3
DONE 226 468 l3_v2 69 2.630713197527542 -0.06113055229965091 P:12:17 -> P:9:13 245.8
DONE 227 468 l3_v2 74 2.6233116086778825 0.20934544399403923 P:3:4 -> P:8:14 245.8
DONE 228 468 l3_v2 68 2.621664843095434 0.06353108214576295 P:10:15 -> P:9:13 246.3
DONE 229 468 l3_v2 76 2.623525569556883 0.056692455070217966 P:14:19 -> P:9:13 248.0
DONE 230 468 l3_v2 75 2.6237538242336464 0.032797412724711775 P:13:18 -> P:9:13 248.3
DONE 231 468 l3_v2 73 2.6228615634826142 0.08470605560452299 P:6:11 -> P:9:13 248.6
DONE 232 468 l3_v2 77 2.6294308848122214 -0.028985453944810027 P:18:19 -> P:8:14 248.7
DONE 233 468 l3_v2 70 2.621013427991196 0.08211287336554843 P:16:21 -> P:9:13 249.0
DONE 234 468 l3_v2 72 2.629963817239181 -0.06606073509877118 P:1:7 -> P:9:13 249.6
DONE 235 468 l3_v3 1 2.6247929853243437 0.09864453326972146 P:11:12 -> P:8:9 251.6
DONE 236 468 l3_v3 3 2.6288063687236667 -0.005745191648596159 P:16:17 -> P:8:9 252.4
DONE 237 468 l3_v3 4 2.62804239305824 0.032138686535145594 P:17:18 -> P:8:9 252.9
DONE 238 468 l3_v3 6 2.6267360936465636 0.07989219761091147 P:21:22 -> P:8:9 257.3
DONE 239 468 l3_v3 8 2.6278834678212855 0.03895160528478511 P:20:21 -> P:8:9 257.8
DONE 240 468 l3_v3 10 2.624805147810106 0.14926335906812557 P:22:23 -> P:8:9 259.3
DONE 241 468 l3_v3 13 2.624660539305524 0.14331865375518751 W:14:R -> P:8:9 260.2
DONE 242 468 l3_v3 15 2.6268927089481546 0.06597003247435763 P:18:19 -> P:8:9 261.2
DONE 243 468 l3_v3 16 2.625600280420243 0.09736243551961417 W:19:R -> P:8:9 263.6
DONE 244 468 l3_v3 7 2.6229371350315493 -0.01151636702875426 P:6:10 -> P:5:11 263.7
DONE 245 468 l3_v3 0 2.5994417904338327 0.028806334662487457 P:5:10 -> P:3:13 263.7
DONE 246 468 l3_v3 2 2.6158428442990003 -0.03433997533684909 P:0:5 -> P:3:13 265.6
DONE 247 468 l3_v3 18 2.6301884603557446 -0.08392169550265433 P:14:18 -> P:8:9 266.2
DONE 248 468 l3_v3 14 2.6015306900619346 0.08500303753618708 P:1:25 -> P:0:7 266.9
DONE 249 468 l3_v3 11 2.614916891888658 -0.003202951891413239 P:6:7 -> P:12:25 267.1
DONE 250 468 l3_v3 9 2.5980466686218042 0.1034246773453211 P:11:16 -> P:10:17 267.4
DONE 251 468 l3_v3 19 2.623016968894698 0.2028056324749001 P:23:24 -> P:8:9 270.0
DONE 252 468 l3_v3 5 2.5935106775039407 0.03861374614625706 W:0:B -> P:3:13 270.2
DONE 253 468 l3_v3 21 2.6272939867840717 0.06164625821109538 P:12:13 -> P:8:9 270.4
DONE 254 468 l3_v3 25 2.6271116868648083 0.05333511931960552 W:9:R -> P:8:9 273.5
DONE 255 468 l3_v3 12 2.5836804402532065 0.04844153857398292 W:1:B -> P:3:13 274.1
DONE 256 468 l3_v3 22 2.62017288842567 0.2682894033425733 W:24:R -> P:8:9 274.2
DONE 257 468 l3_v3 27 2.6238659728299556 0.18194839099264737 P:3:4 -> P:8:9 275.4
DONE 258 468 l3_v3 24 2.6273822391818866 0.04716901501174059 W:20:L -> P:8:9 276.4
DONE 259 468 l3_v3 20 2.61146012108899 0.0014516973643241703 P:2:7 -> P:1:8 276.8
DONE 260 468 l3_v3 17 2.5948477932436154 -0.027554554513207395 P:10:15 -> W:16:L 279.8
DONE 261 468 l3_v3 33 2.619939327381765 0.30939949995468996 W:4:R -> P:8:9 282.7
DONE 262 468 l3_v3 26 2.605942828138542 0.03146712737978354 P:6:25 -> P:5:7 283.3
DONE 263 468 l3_v3 35 2.6258140605167197 0.11588861634269247 P:2:3 -> P:8:9 283.5
DONE 264 468 l3_v3 23 2.5897967621692937 0.05977673310805025 W:2:B -> P:3:13 284.1
DONE 265 468 l3_v3 31 2.615971798481738 -0.015790086729832523 P:8:12 -> P:7:13 287.1
DONE 266 468 l3_v3 32 2.6188768036841217 -0.032313753224630905 P:1:7 -> P:2:25 287.4
DONE 267 468 l3_v3 29 2.6143235766418114 -0.07559900004703964 W:3:B -> P:3:13 287.4
DONE 268 468 l3_v3 30 2.5949446819619273 0.07390668605487935 P:4:9 -> P:3:13 288.8
DONE 269 468 l3_v3 28 2.594047550171731 0.006446573865620386 P:3:8 -> P:2:9 289.1
DONE 270 468 l3_v3 40 2.6152574812134257 0.38344142839547746 W:15:L -> P:8:9 290.3
DONE 271 468 l3_v3 37 2.6109858736789677 0.014313294265226765 P:2:8 -> P:3:7 293.0
DONE 272 468 l3_v3 38 2.612711636469834 0.020839664096566103 P:9:13 -> P:8:14 294.9
DONE 273 468 l3_v3 36 2.6155190043586316 -0.040450443307589186 P:3:9 -> P:4:8 295.1
DONE 274 468 l3_v3 34 2.5889055991134096 0.08711211943385279 W:4:B -> P:3:13 295.9
DONE 275 468 l3_v3 39 2.6207830879329816 -0.017185448683851547 P:19:23 -> P:18:24 296.0
DONE 276 468 l3_v3 50 2.6272943332391345 0.04894373817065157 P:7:8 -> P:8:9 299.4
DONE 277 468 l3_v3 43 2.613749109353421 0.015148271262278374 P:0:25 -> P:1:5 301.6
DONE 278 468 l3_v3 47 2.6205248642852945 0.21814686955154527 P:5:25 -> P:8:9 301.7
DONE 279 468 l3_v3 41 2.591236973885431 0.12976076661345562 P:14:19 -> P:3:13 302.9
DONE 280 468 l3_v3 44 2.5925758656019555 0.08597376410095496 P:6:11 -> P:10:12 305.1
DONE 281 468 l3_v3 54 2.622429194322724 0.21242654252764986 P:13:14 -> P:8:9 306.8
DONE 282 468 l3_v3 45 2.616229131354681 -0.03640572158521056 P:12:17 -> P:3:13 307.8
DONE 283 468 l3_v3 53 2.624988957864333 0.13086285025156788 P:15:16 -> P:8:9 307.8
DONE 284 468 l3_v3 48 2.613913160632357 -0.05839951124130475 P:13:18 -> P:3:13 308.0
DONE 285 468 l3_v3 42 2.5814287303543364 0.14849793124547664 W:20:T -> P:3:13 311.6
DONE 286 468 l3_v3 49 2.6248703782264817 -0.08066157674199195 P:18:22 -> P:17:23 311.6
DONE 287 468 l3_v3 51 2.617098410691674 -0.06101616293772295 P:7:12 -> P:6:8 312.4
DONE 288 468 l3_v3 52 2.6009184716134697 0.07729633904616756 P:9:14 -> P:3:13 313.0
DONE 289 468 l3_v3 55 2.615389358830356 -0.031801391665680856 P:17:21 -> P:16:22 316.5
NONE 290 468 l3_v3 46 TimeoutError('l3_v3:46') 317.2
DONE 291 468 l3_v3 61 2.6267960601193536 0.07621670253814462 P:1:2 -> P:8:9 317.4
DONE 292 468 l3_v3 65 2.6268604398523796 0.05009827197365016 P:7:25 -> P:8:9 318.9
DONE 293 468 l3_v3 56 2.609493195206696 -0.044692947660927365 W:23:T -> P:3:13 319.7
DONE 294 468 l3_v3 64 2.628513046106853 0.007358461118554046 P:0:1 -> P:8:9 319.8
DONE 295 468 l3_v3 67 2.625081771224172 0.13057866349094635 W:0:L -> P:8:9 324.5
DONE 296 468 l3_v3 58 2.6106577891047293 -0.050420957186524146 P:18:23 -> P:19:22 325.2
DONE 297 468 l3_v3 69 2.6270100611835785 0.05483514448062809 W:10:L -> P:8:9 326.0
DONE 298 468 l3_v3 63 2.627276751384289 -0.06879716036913842 P:10:16 -> P:11:15 326.2
DONE 299 468 l3_v3 57 2.5915022344435346 -0.024790258551823968 W:24:T -> P:3:13 326.8
DONE 300 468 l3_v3 59 2.5909651145308437 0.047978816604828035 P:19:24 -> P:3:13 328.1
DONE 301 468 l3_v3 60 2.6033738962455546 -0.013166570126230594 W:22:T -> P:3:13 328.1
DONE 302 468 l3_v3 71 2.622023480270182 0.22133061781687288 W:5:L -> P:8:9 329.4
DONE 303 468 l3_v3 73 2.6296821373291928 -0.034716802496213305 P:6:12 -> P:8:9 330.2
DONE 304 468 l3_v3 68 2.6182088001837602 -0.01795764748960459 P:16:20 -> P:15:21 331.3
DONE 305 468 l3_v3 74 2.6282248261906282 -0.007520398698298285 P:5:6 -> P:8:9 331.8
DONE 306 468 l3_v3 75 2.628334194439747 0.009211851281689309 P:10:11 -> P:8:9 332.3
DONE 307 468 l3_v3 62 2.5769078119184816 0.027414171814432828 P:8:13 -> P:3:12 333.4
DONE 308 468 l3_v3 66 2.588200541234441 0.08210466969805708 W:21:T -> P:3:13 336.3
DONE 309 468 l3_v3 70 2.6204878225376453 0.0012614858608316903 P:12:18 -> P:13:17 336.7
DONE 310 468 l3_v3 72 2.5970245294574457 0.07548067148339106 P:17:22 -> P:18:21 339.0
DONE 311 468 l3_v4 4 2.6257188444406667 0.09304749662686995 P:6:12 -> P:8:9 341.1
DONE 312 468 l3_v4 7 2.6259911514606014 0.11737999649104316 P:2:3 -> P:8:9 341.2
DONE 313 468 l3_v4 6 2.6248712487175707 0.14772833492871695 W:14:R -> P:8:9 341.2
DONE 314 468 l3_v4 2 2.6205879289895746 0.28097589572589476 W:24:R -> P:8:9 341.3
DONE 315 468 l3_v4 0 2.6206666641893315 -0.02568861669309452 P:19:23 -> P:18:24 344.3
DONE 316 468 l3_v3 77 2.60868972326238 0.03771931505836231 P:11:17 -> P:12:16 344.9
DONE 317 468 l3_v3 76 2.600156134355757 0.07417995799662855 P:16:21 -> P:17:20 345.0
DONE 318 468 l3_v4 11 2.627192170400049 0.05519896840463661 W:9:R -> P:8:9 346.0
DONE 319 468 l3_v4 5 2.613248411770076 -0.06016072622309341 P:13:18 -> P:3:13 349.3
DONE 320 468 l3_v4 16 2.6273405269291885 0.06285743051246931 P:12:13 -> P:8:9 351.1
DONE 321 468 l3_v4 9 2.59666397877177 0.08184471266089671 P:17:22 -> P:18:21 352.7
DONE 322 468 l3_v4 15 2.6281273279977198 -0.003234863318764401 P:11:15 -> P:8:9 352.9
DONE 323 468 l3_v4 1 2.595939467824494 0.060400502867994484 P:10:15 -> P:3:13 352.9
DONE 324 468 l3_v4 10 2.6239283780512013 -0.07432518822936122 P:18:22 -> P:17:23 353.0
DONE 325 468 l3_v4 8 2.59995602857885 0.06447656191298702 P:11:16 -> P:15:17 354.1
DONE 326 468 l3_v4 3 2.5911241672989793 -0.03760150502111501 W:24:T -> P:3:13 356.4
DONE 327 468 l3_v4 18 2.6257014972074537 0.10329869662289452 W:19:R -> P:8:9 356.8
DONE 328 468 l3_v4 21 2.626788637487882 0.08218625635859672 P:1:2 -> P:8:9 357.5
DONE 329 468 l3_v4 12 2.5936791482408124 0.07422276417560897 P:4:9 -> P:3:13 358.4
DONE 330 468 l3_v4 13 2.6167314393884884 -0.022196393351366285 P:8:12 -> P:7:13 358.7
DONE 331 468 l3_v4 17 2.6194898921446295 -0.014681327687166157 P:12:18 -> P:13:17 362.3
DONE 332 468 l3_v4 25 2.628177777401134 0.010567388042059292 P:7:25 -> P:8:9 363.5
DONE 333 468 l3_v4 24 2.6246784852251483 0.15007383679249184 P:5:25 -> P:8:9 363.7
DONE 334 468 l3_v4 26 2.6221852076366803 0.20901954306556428 P:15:16 -> P:8:9 366.0
DONE 335 468 l3_v4 14 2.5750131185509098 0.052041477063410745 P:8:13 -> P:9:12 366.0
DONE 336 468 l3_v4 28 2.628832008506922 -0.0010559831737308276 P:20:21 -> P:8:9 367.2
DONE 337 468 l3_v4 22 2.6112289535202113 -0.00327723699807646 P:2:7 -> P:1:8 367.8
DONE 338 468 l3_v4 29 2.6268294287527136 0.06691079342903301 W:0:L -> P:8:9 369.2
DONE 339 468 l3_v4 20 2.6022409413033376 0.04508573191100457 P:0:5 -> W:25:L 371.2
DONE 340 468 l3_v4 19 2.5813309760544554 0.0999427904686894 W:21:T -> P:3:13 371.3
DONE 341 468 l3_v4 23 2.5934230054166 0.005196810259613516 P:3:8 -> P:2:9 372.7
DONE 342 468 l3_v4 27 2.6094243630505534 -0.0390222601690752 P:18:23 -> P:19:22 375.0
DONE 343 468 l3_v4 36 2.6269408283425553 0.06146101412861515 W:10:L -> P:8:9 376.6
DONE 344 468 l3_v4 35 2.6152850844424194 0.4184197911653617 W:5:L -> P:8:9 376.6
DONE 345 468 l3_v4 33 2.613555562070276 -0.07087910852286923 W:3:B -> P:3:13 377.9
DONE 346 468 l3_v4 37 2.6228964348167865 0.21442604760900955 W:15:L -> P:8:9 378.8
DONE 347 468 l3_v4 38 2.625944101695484 0.11316996539679423 W:20:L -> P:8:9 379.1
DONE 348 468 l3_v4 32 2.58913169756881 0.05819784987215565 W:2:B -> P:3:13 382.5
DONE 349 468 l3_v4 31 2.588720699476719 0.02295619004081852 W:1:B -> P:3:13 383.4
DONE 350 468 l3_v4 43 2.6292669206649366 -0.029039005424855116 P:11:12 -> P:8:9 383.4
DONE 351 468 l3_v4 39 2.610875989636778 0.012846880834641021 P:2:8 -> P:3:7 385.5
DONE 352 468 l3_v4 30 2.5856550421079145 0.056084734280074246 W:0:B -> P:3:13 386.9
DONE 353 468 l3_v4 40 2.6072876915542142 0.05291117316635297 P:6:7 -> P:12:25 387.1
DONE 354 468 l3_v4 47 2.6281923158507667 0.026515831497594785 P:17:18 -> P:8:9 387.5
DONE 355 468 l3_v4 34 2.587598047850938 0.0867807798982422 W:4:B -> P:3:13 387.8
DONE 356 468 l3_v4 48 2.6250237474034535 0.15206898144936004 P:22:23 -> P:8:9 388.3
DONE 357 468 l3_v4 42 2.6272767513843087 -0.06879716036946729 P:10:25 -> P:5:6 389.9
DONE 358 468 l3_v4 41 2.621735002529719 -0.07546033359875867 P:7:12 -> P:6:8 390.0
DONE 359 468 l3_v4 50 2.627980034768331 0.01733833141760224 P:6:10 -> P:8:9 390.3
DONE 360 468 l3_v4 49 2.6206136310956496 0.3123586195873461 W:4:R -> P:8:9 391.7
DONE 361 468 l3_v4 51 2.6271729114612614 0.05843547923883409 P:7:8 -> P:8:9 391.8
DONE 362 468 l3_v4 46 2.613241150204484 0.012778881925283661 P:16:20 -> P:15:21 393.5
DONE 363 468 l3_v4 44 2.607961742184783 -0.015045966852925162 P:12:17 -> P:3:13 395.4
DONE 364 468 l3_v4 45 2.5896006657184696 0.1302969976090553 P:14:19 -> P:3:13 396.9
DONE 365 468 l3_v4 56 2.6269639660587583 0.06831851199233885 P:18:19 -> P:8:9 398.3
DONE 366 468 l3_v4 57 2.6233116086778105 0.20934544399364965 P:23:24 -> P:8:9 399.7
DONE 367 468 l3_v4 52 2.62342200823591 -0.05929278892764872 P:10:11 -> P:8:9 399.9
DONE 368 468 l3_v4 60 2.6242426094844595 0.1822399265657715 P:3:4 -> P:8:9 400.0
DONE 369 468 l3_v4 53 2.6171061561534166 -0.021650141614245565 P:11:17 -> P:12:16 402.1
DONE 370 468 l3_v4 65 2.6274246674646156 0.04117160933524333 P:16:17 -> P:8:9 404.5
DONE 371 468 l3_v4 64 2.629996500898303 -0.08380934882296893 P:14:18 -> P:8:9 406.0
DONE 372 468 l3_v4 59 2.612935259722131 0.0013508095426472413 P:1:7 -> P:2:25 406.2
DONE 373 468 l3_v4 58 2.618917850904461 -0.018788381189340335 P:0:25 -> P:1:5 406.2
DONE 374 468 l3_v4 55 2.620364912926457 -0.05791664067588713 P:17:21 -> P:16:22 407.1
DONE 375 468 l3_v4 68 2.6274318326111232 0.05410542901187725 P:0:1 -> P:8:9 409.7
DONE 376 468 l3_v4 61 2.61513936605748 -0.0354864492118005 P:3:9 -> P:4:8 411.4
DONE 377 468 l3_v4 63 2.612705399300384 0.022124447594254505 P:9:13 -> P:8:14 412.1
DONE 378 468 l3_v4 54 2.6068773240254064 -0.033135594848182334 P:15:20 -> P:3:13 412.3
DONE 379 468 l3_v4 62 2.591688884995605 0.08796557174020056 P:6:11 -> P:10:12 412.9
DONE 380 468 l3_v4 73 2.6228838265040415 0.2167556446475208 P:13:14 -> P:8:9 414.7
DONE 381 468 l3_v5 0 2.627012767626928 -0.009439149451213633 P:12:13 -> P:17:23 415.5
DONE 382 468 l3_v4 77 2.626897485901149 0.07807477316493673 P:21:22 -> P:8:9 417.8
DONE 383 468 l3_v5 2 2.6263116955147865 0.09642774084985206 P:7:8 -> P:17:23 418.6
DONE 384 468 l3_v5 3 2.6265440463576453 0.06260904691868141 P:14:18 -> P:17:23 418.7
DONE 385 468 l3_v4 71 2.6018642978353177 0.08582665926305443 P:6:25 -> P:7:10 418.8
DONE 386 468 l3_v4 69 2.6061530730665936 0.03739961173729936 P:1:25 -> P:0:7 419.1
DONE 387 468 l3_v5 4 2.6261467820913897 0.11585664926078598 W:9:R -> P:17:23 419.9
DONE 388 468 l3_v4 66 2.6023714667967752 -0.019190613707310393 W:22:T -> P:3:13 420.0
DONE 389 468 l3_v4 72 2.5998003888151 0.076536052554259 P:9:14 -> P:3:13 421.1
DONE 390 468 l3_v4 67 2.609093804645948 -0.05275252090634118 W:23:T -> P:3:13 422.7
DONE 391 468 l3_v5 10 2.626429456279104 0.07801902445120257 W:19:R -> P:17:23 424.9
DONE 392 468 l3_v4 70 2.599500739338459 -0.020181381888365036 P:5:10 -> W:25:L 425.2
DONE 393 468 l3_v5 13 2.626322500753672 0.0941933464815477 P:21:22 -> P:17:23 425.2
DONE 394 468 l3_v5 7 2.6267726826372133 0.020959471999264498 P:11:15 -> P:17:23 425.5
DONE 395 468 l3_v5 8 2.6254167598559466 0.2059721927437475 P:11:17 -> P:17:23 426.8
DONE 396 468 l3_v5 14 2.625649583873519 0.18884425781284486 W:4:R -> P:17:23 426.9
DONE 397 468 l3_v4 74 2.5946941490294826 0.12691656242102126 P:16:21 -> P:17:20 427.4
DONE 398 468 l3_v5 15 2.626594157216748 0.0533905474031548 P:2:3 -> P:17:23 429.0
DONE 399 468 l3_v5 1 2.6173496669894583 -0.002286020764084531 P:13:18 -> P:18:22 431.4
DONE 400 468 l3_v4 75 2.5899850645318994 0.037612520712171686 P:19:24 -> P:3:13 432.5
DONE 401 468 l3_v5 21 2.626623962135865 0.050639029406538194 P:1:2 -> P:17:23 432.8
DONE 402 468 l3_v4 76 2.5864166073238675 0.12239046644307144 W:20:T -> P:3:13 433.9
DONE 403 468 l3_v5 5 2.59460374976547 0.18014258935617702 W:21:T -> P:18:22 436.8
DONE 404 468 l3_v5 24 2.626776105699748 0.019259411935027948 P:5:6 -> P:17:23 437.5
DONE 405 468 l3_v5 22 2.62271957138574 0.5343810087477707 P:3:8 -> P:17:23 437.5
DONE 406 468 l3_v5 6 2.6178334919899093 -0.06372081457335844 P:8:12 -> P:18:22 438.0
DONE 407 468 l3_v5 9 2.6140788979931404 0.04026414462557012 P:12:17 -> P:18:22 438.2
DONE 408 468 l3_v5 26 2.6256094695989503 0.19193278445788625 P:13:14 -> P:17:23 438.9
DONE 409 468 l3_v5 11 2.609507449709423 0.04840361382470074 W:22:T -> P:18:22 441.1
DONE 410 468 l3_v5 19 2.6175327836969826 -0.0126075028387391 P:16:20 -> P:17:23 442.1
DONE 411 468 l3_v5 12 2.6047069799733626 0.10742529948748072 P:5:10 -> P:18:22 442.6
DONE 412 468 l3_v5 28 2.626237560522517 0.10622684077757133 W:0:L -> P:17:23 443.0
DONE 413 468 l3_v5 18 2.6068277171446397 0.06701814828812272 P:11:16 -> P:18:22 446.8
DONE 414 468 l3_v5 16 2.6217320304142318 -0.02487153343067438 P:7:12 -> P:18:22 447.0
DONE 415 468 l3_v5 17 2.6032112867045876 0.13657408567167348 P:10:15 -> P:18:22 447.1
DONE 416 468 l3_v5 34 2.6255436744018996 0.20207573188986433 W:5:L -> P:17:23 447.6
DONE 417 468 l3_v5 35 2.6261484776147976 0.11498588297884212 W:10:L -> P:17:23 448.4
DONE 418 468 l3_v5 36 2.6259710833752945 0.1407010209526307 W:15:L -> P:17:23 449.0
DONE 419 468 l3_v5 37 2.6265271461624464 0.064267563410984 W:20:L -> P:17:23 449.4
DONE 420 468 l3_v5 20 2.597633967355285 0.19448503682002274 W:20:T -> P:18:22 449.6
DONE 421 468 l3_v5 23 2.6272767513840494 -0.0687971603709171 P:3:13 -> P:18:22 450.9
DONE 422 468 l3_v5 25 2.6111019677700567 0.005202551609389726 P:6:7 -> P:12:25 451.6
DONE 423 468 l3_v5 38 2.6259401761163184 0.14759801094923314 W:24:R -> P:17:23 453.4
DONE 424 468 l3_v5 27 2.600940503921285 0.1392648543411786 P:19:24 -> P:18:22 455.0
DONE 425 468 l3_v5 44 2.627002073355671 -0.006785698133145834 P:6:12 -> P:17:23 455.4
DONE 426 468 l3_v5 46 2.623114673319181 0.543318324021968 P:8:13 -> P:17:23 459.1
DONE 427 468 l3_v5 32 2.6177357936411534 -0.03341964157384632 W:3:B -> P:18:22 460.1
DONE 428 468 l3_v5 48 2.626498237232863 0.06574363276879451 P:10:11 -> P:17:23 460.5
DONE 429 468 l3_v5 30 2.593850348560775 0.14843020929293102 W:1:B -> P:18:22 460.9
DONE 430 468 l3_v5 31 2.5992732645919494 0.13837910523175306 W:2:B -> P:18:22 461.5
DONE 431 468 l3_v5 33 2.5981902780924644 0.16712481065112253 W:4:B -> P:18:22 461.6
DONE 432 468 l3_v5 49 2.6269823456514008 -0.00292167673373106 P:16:17 -> P:17:23 461.7
DONE 433 468 l3_v5 29 2.6002455192265246 0.13340174751016198 W:0:B -> P:18:22 462.7
DONE 434 468 l3_v5 50 2.6257393413639454 0.16259551074126388 P:19:23 -> P:17:23 463.7
DONE 435 468 l3_v5 40 2.6128151538263023 0.011820853965435259 P:0:25 -> P:1:5 463.9
DONE 436 468 l3_v5 52 2.626355396037373 0.08613240790417664 P:7:25 -> P:17:23 466.7
DONE 437 468 l3_v5 54 2.6269491277479053 0.003324784098080791 P:20:21 -> P:17:23 467.0
DONE 438 468 l3_v5 58 2.626275236265396 0.10103628095354394 P:18:19 -> P:17:23 467.5
DONE 439 468 l3_v5 56 2.625810736366815 0.16294154556701368 P:15:16 -> P:17:23 467.5
DONE 440 468 l3_v5 55 2.6255414516127145 0.1967931610703073 P:6:10 -> P:17:23 468.7
DONE 441 468 l3_v5 41 2.6178944597348788 0.004418532392477216 P:1:7 -> P:2:25 468.8
DONE 442 468 l3_v5 59 2.626908520340932 0.009138013521812094 P:0:1 -> P:17:23 469.4
DONE 443 468 l3_v5 39 2.598069554602161 0.09443774645945482 W:24:T -> P:18:22 470.4
DONE 444 468 l3_v5 45 2.610543461878658 0.06870577781195823 P:6:25 -> P:5:7 470.7
DONE 445 468 l3_v5 42 2.6128723176493414 -0.013319417235070503 P:2:8 -> P:18:22 470.9
DONE 446 468 l3_v5 47 2.6091568928960216 0.11372375491026053 P:9:14 -> P:18:22 472.3
DONE 447 468 l3_v5 43 2.6053236531701134 0.12457581853351606 P:4:9 -> P:18:22 472.3
DONE 448 468 l3_v5 63 2.62572872995742 0.17375015363677826 P:12:18 -> P:17:23 473.2
DONE 449 468 l3_v5 62 2.6249537299776087 0.2823784853360631 P:5:25 -> P:17:23 474.7
DONE 450 468 l3_v5 66 2.6262317171409624 0.10527841384492909 W:14:R -> P:17:23 475.6
DONE 451 468 l3_v5 65 2.626356294390236 0.08609121558683402 P:17:18 -> P:17:23 476.1
DONE 452 468 l3_v5 68 2.626073307676919 0.13055499475554033 P:3:4 -> P:17:23 477.2
DONE 453 468 l3_v5 69 2.6254494772147234 0.20235653279740073 P:3:9 -> P:17:23 477.9
DONE 454 468 l3_v5 73 2.6257186761275695 0.18130482393574782 P:22:23 -> P:17:23 479.2
DONE 455 468 l3_v5 74 2.6263277342344673 0.09435054978717128 P:23:24 -> P:17:23 481.2
DONE 456 468 l3_v5 51 2.61416920411165 -0.02628827378456836 P:0:5 -> P:18:22 481.8
DONE 457 468 l3_v5 76 2.626067482438675 0.12794365606140304 P:9:13 -> P:17:23 482.1
DONE 458 468 l3_v5 53 2.5923346893994585 0.08064374531836223 P:16:21 -> P:17:20 482.4
DONE 459 468 l3_v5 60 2.6015459833378194 0.06050746525208706 P:1:25 -> P:0:7 482.6
DONE 460 468 l3_v5 57 2.6097841169947267 0.05885786193891944 P:15:20 -> P:18:22 483.2
DONE 461 468 l3_v5 77 2.62626362599913 0.0957508031959704 P:11:12 -> P:17:23 483.5
DONE 462 468 l3_v5 61 2.6150165948065847 -0.02617138452111332 P:2:7 -> P:1:8 483.6
DONE 463 468 l3_v5 64 2.6034853579828994 0.1641310882892734 P:14:19 -> P:18:22 484.9
DONE 464 468 l3_v5 67 2.6128865719186902 0.002215074456834705 W:23:T -> P:18:22 485.6
DONE 465 468 l3_v5 71 2.622614859274724 0.016565339083836103 P:17:21 -> P:16:22 485.6
DONE 466 468 l3_v5 70 2.6053362631465675 0.10913692493098494 P:6:11 -> P:18:22 485.8
DONE 467 468 l3_v5 72 2.6144960782084627 0.003057480509667368 P:18:23 -> P:18:22 486.4
DONE 468 468 l3_v5 75 2.593626862164139 0.11188962005195253 P:17:22 -> P:18:21 486.5
