TASKS 312
DONE 1 312 l2_d24 8 2.634069489273983 0.12126043532401572 P:2:3 -> P:0:1 10.4
DONE 2 312 l2_d24 3 2.635428242348668 0.01239054074805826 P:6:12 -> P:0:1 10.4
DONE 3 312 l2_d24 9 2.6355902316585076 0.010870876502241625 W:9:R -> P:0:1 10.4
DONE 4 312 l2_d24 6 2.6354282423486675 0.012390540748052016 P:11:12 -> P:0:1 10.4
DONE 5 312 l2_d24 11 2.6332650302139124 0.1746084241486458 P:3:4 -> P:0:1 10.5
DONE 6 312 l2_d24 0 2.625000957115991 -0.05112854290336243 P:17:21 -> P:16:22 19.5
DONE 7 312 l2_d24 13 2.619919315372811 -0.023713104888560283 P:8:12 -> P:7:13 19.6
DONE 8 312 l2_d24 18 2.634709334791248 0.07495027766356144 P:21:22 -> P:0:1 20.0
DONE 9 312 l2_d24 1 2.61111295605982 0.0375286391999409 P:17:22 -> P:18:21 20.3
DONE 10 312 l2_d24 7 2.6209296023889044 -0.04061797799656028 P:12:18 -> P:13:17 22.4
DONE 11 312 l2_d24 14 2.6101924707407393 -0.0032095231448634356 P:11:16 -> P:15:17 25.5
DONE 12 312 l2_d24 4 2.6196238732030563 -0.0988651777625678 P:7:12 -> W:25:B 26.5
DONE 13 312 l2_d24 5 2.603157484629795 -0.029152909996272285 P:8:13 -> P:9:12 27.7
DONE 14 312 l2_d24 15 2.6006501074181774 0.01607821196832386 P:13:18 -> P:12:19 28.3
NONE 15 312 l2_d24 2 TimeoutError('l2_d24:2') 30.1
NONE 16 312 l2_d24 12 TimeoutError('l2_d24:12') 30.3
NONE 17 312 l2_d24 10 TimeoutError('l2_d24:10') 30.6
DONE 18 312 l2_d24 23 2.6309704355601755 0.32139287975290937 W:24:R -> P:0:1 31.7
DONE 19 312 l2_d24 17 2.602859022829907 0.11433327882544388 P:16:21 -> P:17:20 31.8
DONE 20 312 l2_d24 20 2.5910453247072778 0.07201985483087882 W:1:B -> P:2:25 34.0
DONE 21 312 l2_d24 28 2.6346041775324447 0.06814862405461322 P:16:17 -> P:0:1 37.4
DONE 22 312 l2_d24 19 2.59492204240069 -0.03037137352985145 W:0:B -> W:25:B 38.7
DONE 23 312 l2_d24 32 2.6341501831393708 0.10931963572203428 W:0:L -> P:0:1 39.7
NONE 24 312 l2_d24 16 TimeoutError('l2_d24:16') 41.1
DONE 25 312 l2_d24 25 2.6178164342989687 0.04314023686968012 P:1:7 -> P:2:25 41.9
DONE 26 312 l2_d24 36 2.635983084917609 -0.01060606761354534 P:8:9 -> P:0:1 46.8
DONE 27 312 l2_d24 21 2.617778935987698 0.03392361763793976 W:2:B -> P:1:3 47.3
DONE 28 312 l2_d24 26 2.61269016570779 -0.0006151197877435485 P:3:8 -> P:2:9 48.3
DONE 29 312 l2_d24 38 2.6359773947543927 -0.009761175980435383 P:12:13 -> P:0:1 49.0
DONE 30 312 l2_d24 30 2.6223230038436625 -0.01717456929243514 P:19:23 -> P:18:24 50.0
NONE 31 312 l2_d24 22 TimeoutError('l2_d24:22') 50.2
NONE 32 312 l2_d24 24 TimeoutError('l2_d24:24') 51.4
DONE 33 312 l2_d24 29 2.609050818141546 0.016550789556921634 P:18:23 -> P:19:22 52.1
DONE 34 312 l2_d24 27 2.6082013784123355 -0.0769143061613628 P:6:11 -> W:25:B 53.0
DONE 35 312 l2_d24 40 2.6314452148557628 0.26538641735323815 P:15:16 -> P:0:1 53.4
DONE 36 312 l2_d24 34 2.5991599265647904 0.011433761549176063 P:5:10 -> W:25:B 55.8
DONE 37 312 l2_d24 35 2.625349815354376 -0.09999224062168233 P:6:25 -> W:25:B 56.2
DONE 38 312 l2_d24 42 2.635983084917608 -0.01060606761355321 P:18:19 -> P:0:1 57.2
DONE 39 312 l2_d24 43 2.6321034122697635 0.23242986212341926 W:5:L -> P:0:1 58.0
DONE 40 312 l2_d24 44 2.633191089420524 0.159861505500076 W:10:L -> P:0:1 58.1
DONE 41 312 l2_d24 46 2.6321034122697813 0.23242986212355532 W:15:L -> P:0:1 59.9
NONE 42 312 l2_d24 31 TimeoutError('l2_d24:31') 60.7
DONE 43 312 l2_d24 37 2.6261620759526645 -0.052770038031415854 P:9:13 -> P:8:14 60.8
DONE 44 312 l2_d24 45 2.629135733797161 0.41833813798506786 W:14:R -> P:0:1 61.4
NONE 45 312 l2_d24 33 TimeoutError('l2_d24:33') 61.8
DONE 46 312 l2_d24 39 2.625454523684862 -0.05025088618390038 P:13:19 -> P:14:18 62.5
DONE 47 312 l2_d24 47 2.6341501831390697 0.1093196357198102 W:20:L -> P:0:1 63.0
DONE 48 312 l2_d24 50 2.631445214856681 0.2653864173675426 P:5:25 -> P:0:1 63.8
DONE 49 312 l2_d24 49 2.6353284124888026 -0.011551244713318351 P:5:6 -> P:0:1 65.0
DONE 50 312 l2_d24 52 2.6332507827191804 0.13993743215360435 P:6:10 -> P:0:1 67.3
DONE 51 312 l2_d24 56 2.6340694892738266 0.12126043532352064 P:22:23 -> P:0:1 70.1
DONE 52 312 l2_d24 57 2.6355902316585076 0.010870876502242164 W:19:R -> P:0:1 70.2
DONE 53 312 l2_d24 51 2.623895597844971 -0.0957533787117361 P:6:7 -> P:0:1 74.2
DONE 54 312 l2_d24 41 2.619175263758984 -0.05600344521917641 P:15:20 -> W:25:B 74.2
DONE 55 312 l2_d24 63 2.6332507827192515 0.13993743215435625 P:10:11 -> P:0:1 74.7
DONE 56 312 l2_d24 54 2.623895597844971 -0.09575337871156994 P:11:17 -> P:0:1 75.3
DONE 57 312 l2_d24 65 2.635328412488788 -0.01155124471230215 P:11:15 -> P:0:1 78.9
DONE 58 312 l2_d24 62 2.622179979012424 -0.014689255272995316 P:3:9 -> P:4:8 81.7
DONE 59 312 l2_d24 60 2.5877105824504283 0.12139802772378652 P:1:25 -> P:0:7 82.3
NONE 60 312 l2_d24 48 TimeoutError('l2_d24:48') 82.6
DONE 61 312 l2_d24 55 2.6190777935575356 -0.010600253647501301 P:12:17 -> P:11:18 82.6
DONE 62 312 l2_d24 70 2.6346041775324447 0.06814862405461451 P:7:25 -> P:0:1 83.5
DONE 63 312 l2_d24 61 2.618102633153227 -0.009405237065414615 P:2:8 -> P:3:7 83.6
DONE 64 312 l2_d24 59 2.5972520401686743 0.1007199346939623 P:0:5 -> W:25:B 83.9
DONE 65 312 l2_d24 71 2.6350698215816015 0.0491437141023574 P:17:18 -> P:0:1 84.6
DONE 66 312 l2_d24 68 2.6309704355602235 0.3213928797532336 W:4:R -> P:0:1 84.7
DONE 67 312 l2_d24 53 2.5997921958863284 0.0007671324269093659 P:9:14 -> W:25:B 86.8
DONE 68 312 l2_d24 66 2.621213725997715 0.009731234454269681 P:16:20 -> P:15:21 88.1
DONE 69 312 l2_d24 73 2.635069821581602 0.04914371410235842 P:7:8 -> P:0:1 90.0
DONE 70 312 l2_d24 67 2.620110244742797 -0.03273236584050611 P:18:22 -> P:17:23 90.4
DONE 71 312 l2_d24 76 2.6347093347918005 0.07495027766638454 P:1:2 -> P:0:1 90.9
NONE 72 312 l2_d24 58 TimeoutError('l2_d24:58') 91.1
DONE 73 312 l2_d24 69 2.619042089302321 0.11351163299066408 P:0:25 -> P:1:5 91.4
DONE 74 312 l2_d24 74 2.635895738581935 -0.009708464287076897 P:20:21 -> P:0:1 91.6
DONE 75 312 l2_d24 64 2.6031489190201236 -0.030750926918450473 P:10:15 -> W:25:B 92.6
DONE 76 312 l2_d24 75 2.6332650302139124 0.17460842414864536 P:23:24 -> P:0:1 92.8
DONE 77 312 l2_d24 77 2.634417577783287 0.09244386331135321 P:13:14 -> P:0:1 93.2
DONE 78 312 l2_d24 72 2.6146500042851244 0.019672996320737584 P:2:7 -> P:1:8 98.3
DONE 79 312 l2_d74 1 2.620759195090422 0.10892844535000346 W:20:T -> P:10:16 100.1
DONE 80 312 l2_d74 2 2.6228615634828363 0.08470605560491723 P:6:11 -> P:10:16 100.5
DONE 81 312 l2_d74 3 2.6289023845605217 -0.027904802857459887 P:7:12 -> P:10:16 100.6
DONE 82 312 l2_d74 0 2.6232944623600076 0.07349143483491383 W:0:B -> P:10:16 101.1
DONE 83 312 l2_d74 4 2.6307131975275704 -0.06113055230024944 P:12:17 -> P:10:16 102.5
DONE 84 312 l2_d74 5 2.6258733256679894 0.008427355479305287 W:3:B -> P:10:16 105.7
DONE 85 312 l2_d74 8 2.628786672621587 -0.01774443222939487 P:0:5 -> P:10:16 106.8
DONE 86 312 l2_d74 9 2.6235628390525436 0.044379985340961214 W:22:T -> P:10:16 107.1
DONE 87 312 l2_d74 10 2.622680373493375 0.06776770259994144 P:15:20 -> P:10:16 107.6
DONE 88 312 l2_d74 7 2.6259417225920454 0.01785466554924997 W:23:T -> P:10:16 107.8
DONE 89 312 l2_d74 6 2.6233063974554933 0.04715703373520702 W:2:B -> P:10:16 108.2
DONE 90 312 l2_d74 11 2.624028263168817 0.059523582967629496 P:4:9 -> P:10:16 109.1
DONE 91 312 l2_d74 13 2.626041411599752 0.028641284767564112 P:5:10 -> P:10:16 109.3
DONE 92 312 l2_d74 14 2.6184927997676155 0.12429611599968053 W:1:B -> P:10:16 110.6
DONE 93 312 l2_d74 12 2.6241014190901466 0.060083334177925884 P:19:24 -> P:10:16 110.9
DONE 94 312 l2_d74 15 2.6235255695568833 0.05669245507021836 P:14:19 -> P:10:16 115.7
DONE 95 312 l2_d74 17 2.62088629164952 0.07742410197632388 W:21:T -> P:10:16 115.9
DONE 96 312 l2_d74 18 2.6244264421381724 0.0349416419710985 P:6:25 -> P:10:16 116.0
DONE 97 312 l2_d74 16 2.623578027911944 0.06045784785306524 P:9:14 -> P:10:16 117.8
DONE 98 312 l2_d74 19 2.622080476653811 0.06720820813120182 W:4:B -> P:10:16 118.6
DONE 99 312 l2_d74 20 2.622106574877605 0.06800560081729912 W:24:T -> P:10:16 119.8
DONE 100 312 l2_d74 21 2.623753824233628 0.03279741272570075 P:13:18 -> P:10:16 123.3
DONE 101 312 l2_d74 22 2.624180542512225 0.04904179058077285 P:8:13 -> P:10:16 123.9
DONE 102 312 l2_d74 23 2.6234593871597425 0.03512436262643198 P:3:8 -> P:10:16 124.0
DONE 103 312 l2_d74 26 2.6284901853920557 -0.03954608610752816 P:18:22 -> P:10:16 125.4
DONE 104 312 l2_d74 25 2.628396793178522 -0.04391515227031275 P:2:8 -> P:10:16 125.5
DONE 105 312 l2_d74 24 2.6238223020891027 0.05154733004598838 P:18:23 -> P:10:16 125.7
DONE 106 312 l2_d74 27 2.629963817239181 -0.06606073509877079 P:1:7 -> P:10:16 126.0
DONE 107 312 l2_d74 28 2.6267799067044377 -0.016321206781302652 P:17:21 -> P:10:16 127.3
DONE 108 312 l2_d74 29 2.6169570878782875 0.11898548166560863 P:1:25 -> P:10:16 128.0
DONE 109 312 l2_d74 30 2.619536878233841 0.04731447443269138 P:2:7 -> P:10:16 129.8
DONE 110 312 l2_d74 31 2.621013427991196 0.08211287336554807 P:16:21 -> P:10:16 132.1
DONE 111 312 l2_d74 32 2.620632771825103 0.027020408294528654 P:17:22 -> P:10:16 132.6
DONE 112 312 l2_d74 33 2.6299965008983026 -0.08380934882296899 P:9:13 -> P:10:16 134.2
DONE 113 312 l2_d74 34 2.630188460355745 -0.08392169550265424 P:13:19 -> P:10:16 135.5
DONE 114 312 l2_d74 35 2.6247610194566455 -0.03956525114474792 P:8:12 -> P:10:16 138.9
DONE 115 312 l2_d74 45 2.6314452148557588 0.2653864173530621 P:5:25 -> P:11:15 139.6
DONE 116 312 l2_d74 36 2.6260624063872067 -0.05149238301316418 P:12:18 -> P:10:16 140.1
DONE 117 312 l2_d74 39 2.621664843095434 0.0635310821457602 P:10:15 -> P:10:16 142.0
DONE 118 312 l2_d74 46 2.635328412488803 -0.011551244713317435 P:5:6 -> P:11:15 143.0
DONE 119 312 l2_d74 40 2.6203902557866057 0.010893192366898065 P:0:25 -> P:1:5 143.0
DONE 120 312 l2_d74 47 2.6291357337971437 0.4183381379847885 W:14:R -> P:11:15 143.4
DONE 121 312 l2_d74 37 2.6286130458928794 -0.0593800639168001 P:3:9 -> P:10:16 143.6
DONE 122 312 l2_d74 49 2.6354282423486683 0.012390540748071673 P:11:12 -> P:11:15 144.3
DONE 123 312 l2_d74 38 2.6285388459148837 -0.0499739542393364 P:19:23 -> P:10:16 144.6
DONE 124 312 l2_d74 42 2.6238955978449705 -0.09575337871178467 P:11:17 -> P:11:15 144.7
DONE 125 312 l2_d74 48 2.6321034122697755 0.23242986212350303 W:15:L -> P:11:15 144.8
DONE 126 312 l2_d74 43 2.6170857370592713 0.0912321288075398 P:11:16 -> P:10:16 145.5
DONE 127 312 l2_d74 41 2.6238955978449763 -0.09575337870086985 P:6:7 -> P:11:15 145.7
DONE 128 312 l2_d74 50 2.630970435560204 0.32139287975312275 W:24:R -> P:11:15 145.9
DONE 129 312 l2_d74 44 2.626326652940552 0.4439438192584585 P:16:20 -> P:15:21 147.4
DONE 130 312 l2_d74 52 2.633250782719192 0.13993743215173202 P:6:10 -> P:11:15 151.5
DONE 131 312 l2_d74 51 2.6309704355603363 0.32139287975422015 W:4:R -> P:11:15 153.3
DONE 132 312 l2_d74 53 2.635428242348668 0.012390540748053534 P:6:12 -> P:11:15 153.3
DONE 133 312 l2_d74 54 2.6346041775324447 0.06814862405461321 P:7:25 -> P:11:15 154.0
DONE 134 312 l2_d74 55 2.6321034122697755 0.23242986212350114 W:5:L -> P:11:15 155.2
DONE 135 312 l2_d74 56 2.6332650302139133 0.1746084241486487 P:23:24 -> P:11:15 155.2
DONE 136 312 l2_d74 58 2.6332650302139124 0.17460842414864572 P:3:4 -> P:11:15 156.5
DONE 137 312 l2_d74 59 2.6358957385817656 -0.009708464289667961 P:20:21 -> P:11:15 156.6
DONE 138 312 l2_d74 62 2.634709334791248 0.07495027766356177 P:1:2 -> P:11:15 157.1
DONE 139 312 l2_d74 57 2.6331910894203547 0.15986150549911743 W:10:L -> P:11:15 157.2
DONE 140 312 l2_d74 61 2.6347093347912516 0.07495027766359451 P:21:22 -> P:11:15 157.3
DONE 141 312 l2_d74 60 2.635895738581766 -0.009708464289674583 P:0:1 -> P:11:15 157.5
DONE 142 312 l2_d74 64 2.6341501831390697 0.10931963571981189 W:0:L -> P:11:15 157.6
DONE 143 312 l2_d74 65 2.634069489273827 0.12126043532352151 P:2:3 -> P:11:15 158.6
DONE 144 312 l2_d74 63 2.6340694892738337 0.1212604353235479 P:22:23 -> P:11:15 159.0
DONE 145 312 l2_d74 66 2.6341501831390737 0.1093196357198376 W:20:L -> P:11:15 160.7
DONE 146 312 l2_d74 67 2.6344175777832897 0.09244386331136653 P:13:14 -> P:11:15 164.7
DONE 147 312 l2_d74 68 2.6346041775324447 0.06814862405461383 P:16:17 -> P:11:15 164.8
DONE 148 312 l2_d74 69 2.635069821581602 0.04914371410235774 P:17:18 -> P:11:15 164.9
DONE 149 312 l2_d74 70 2.635069821581602 0.04914371410236108 P:7:8 -> P:11:15 167.5
DONE 150 312 l2_d74 72 2.6355902316585076 0.010870876502242744 W:9:R -> P:11:15 169.0
DONE 151 312 l2_d74 71 2.6355902316585076 0.010870876502246692 W:19:R -> P:11:15 170.1
DONE 152 312 l2_d74 74 2.635977394754399 -0.00976117598033241 P:12:13 -> P:11:15 170.4
DONE 153 312 l2_d74 75 2.635983084917608 -0.010606067613549496 P:8:9 -> P:11:15 170.5
DONE 154 312 l2_d74 73 2.63598308491761 -0.01060606761352619 P:18:19 -> P:11:15 171.2
DONE 155 312 l2_d74 77 2.6314452148557588 0.2653864173530595 P:15:16 -> P:11:15 173.0
DONE 156 312 l2_d74 76 2.633250782719192 0.13993743215173096 P:10:11 -> P:11:15 174.1
DONE 157 312 l2_d37 0 2.626208074110913 -0.06746712746338185 P:6:12 -> P:8:9 181.3
DONE 158 312 l2_d37 4 2.6176625342906417 -0.021706989564440286 P:19:23 -> P:18:24 182.2
DONE 159 312 l2_d37 3 2.614496078208463 0.0030574805096565206 P:18:23 -> P:3:13 182.3
DONE 160 312 l2_d37 2 2.626992462946675 -0.00790678483554256 P:18:22 -> P:3:13 183.1
DONE 161 312 l2_d37 1 2.574978599781501 0.08205786830876356 P:8:13 -> P:3:12 184.9
DONE 162 312 l2_d37 7 2.625454523684857 -0.05025088618369295 P:0:1 -> P:8:9 185.5
DONE 163 312 l2_d37 11 2.614531459647631 0.08081120508219078 P:2:3 -> P:8:9 187.5
DONE 164 312 l2_d37 6 2.597633967355285 0.1944850368200225 W:20:T -> P:3:13 188.3
DONE 165 312 l2_d37 13 2.609156892895889 0.11372375490945065 P:9:14 -> P:3:13 188.3
DONE 166 312 l2_d37 5 2.6261620759526645 -0.052770038031415535 P:20:21 -> P:8:9 188.4
DONE 167 312 l2_d37 8 2.6033557366390507 0.0673547637283398 P:1:25 -> P:0:7 189.4
DONE 168 312 l2_d37 9 2.596270359074439 0.10860342210451429 P:16:21 -> P:17:20 190.5
DONE 169 312 l2_d37 10 2.623768218121252 -0.04864161670275119 P:17:21 -> P:16:22 190.8
DONE 170 312 l2_d37 15 2.6199636045802563 -0.016372750944787774 P:18:19 -> P:8:9 191.1
DONE 171 312 l2_d37 12 2.6109727316063354 -0.015037367261247853 P:6:25 -> P:5:7 191.7
DONE 172 312 l2_d37 14 2.6068277171446494 0.06701814828804954 P:11:16 -> P:3:13 195.1
DONE 173 312 l2_d37 16 2.610827364015578 0.11172432916458276 P:22:23 -> P:8:9 198.0
DONE 174 312 l2_d37 18 2.619924005166925 -0.002902333256983143 W:9:R -> P:8:9 198.4
DONE 175 312 l2_d37 17 2.600568592182061 0.19619572392728651 W:4:R -> P:8:9 200.7
DONE 176 312 l2_d37 20 2.6294308848122254 -0.02898545394480251 P:5:6 -> P:10:25 202.5
DONE 177 312 l2_d37 24 2.6034853579828994 0.16413108828927367 P:14:19 -> P:3:13 204.9
DONE 178 312 l2_d37 21 2.60470697997336 0.10742529948743057 P:5:10 -> P:3:13 205.3
DONE 179 312 l2_d37 19 2.596862633682753 -0.01909455716964208 P:3:8 -> P:2:13 205.4
DONE 180 312 l2_d37 22 2.621370865320278 -0.04537236933609451 P:7:25 -> P:8:9 205.6
DONE 181 312 l2_d37 23 2.6087255713803965 0.07649388661769735 P:13:14 -> P:8:9 206.2
DONE 182 312 l2_d37 30 2.6177357936411534 -0.033419641573845874 W:3:B -> P:3:13 207.5
DONE 183 312 l2_d37 25 2.6075444599474817 0.10867574542367213 P:23:24 -> P:8:9 208.5
DONE 184 312 l2_d37 26 2.6151946712090894 0.032388101249711775 W:0:L -> P:8:9 209.4
DONE 185 312 l2_d37 29 2.5992732645919374 0.13837910523231803 W:2:B -> P:3:13 210.3
DONE 186 312 l2_d37 27 2.6002455192265246 0.13340174751016173 W:0:B -> P:3:13 211.2
DONE 187 312 l2_d37 28 2.593850348560775 0.14843020929293127 W:1:B -> P:3:13 211.4
DONE 188 312 l2_d37 31 2.598190278092464 0.16712481065112245 W:4:B -> P:3:13 214.8
DONE 189 312 l2_d37 32 2.608822752509901 0.052555476937925984 W:5:L -> P:8:9 217.5
DONE 190 312 l2_d37 33 2.6146252113411963 0.004282380393047471 W:10:L -> P:8:9 218.1
DONE 191 312 l2_d37 34 2.610018622619203 0.05286536788482944 W:15:L -> P:8:9 220.7
DONE 192 312 l2_d37 37 2.6086508626504723 0.134574578880294 P:3:4 -> P:8:9 221.4
DONE 193 312 l2_d37 35 2.6170075856120576 0.029104849743267387 W:20:L -> P:8:9 222.1
DONE 194 312 l2_d37 36 2.6129466307858085 0.011041048201266546 P:0:25 -> P:1:5 222.8
DONE 195 312 l2_d37 38 2.619747234979533 -0.01210509426633398 P:6:10 -> P:5:11 223.5
DONE 196 312 l2_d37 40 2.6261335315903316 -0.06523177782458862 P:11:12 -> P:8:9 224.2
DONE 197 312 l2_d37 39 2.621732030414232 -0.02487153343067472 P:7:12 -> P:3:13 225.4
DONE 198 312 l2_d37 41 2.615567533627403 -0.02862640821215503 P:11:17 -> P:12:16 226.2
DONE 199 312 l2_d37 42 2.6225567167024666 -0.05257546599084123 P:16:17 -> P:8:9 227.1
DONE 200 312 l2_d37 43 2.6218649303948625 -0.01264194086804631 P:17:18 -> P:8:9 227.3
DONE 201 312 l2_d37 45 2.614045782636225 0.05233460308244482 W:14:R -> P:8:9 229.2
DONE 202 312 l2_d37 44 2.59896321025017 0.060024748221866445 P:17:22 -> P:18:21 231.0
DONE 203 312 l2_d37 46 2.59460374976547 0.1801425893561767 W:21:T -> P:3:13 232.7
DONE 204 312 l2_d37 47 2.604151743344847 0.07021116054817787 W:24:R -> P:8:9 234.3
DONE 205 312 l2_d37 49 2.61416920411152 -0.026288273779826517 P:0:5 -> P:3:13 239.2
DONE 206 312 l2_d37 48 2.5980695546020476 0.09443774645639791 W:24:T -> P:3:13 240.3
DONE 207 312 l2_d37 53 2.6136399483820196 -0.010641644366195843 P:6:7 -> P:12:25 240.6
DONE 208 312 l2_d37 51 2.614959841022119 -0.025399011556872186 P:2:7 -> P:1:8 240.7
DONE 209 312 l2_d37 50 2.6177658715752674 0.02946560346934008 P:1:2 -> P:8:9 240.8
DONE 210 312 l2_d37 52 2.611044791935098 0.005610941910688319 P:5:25 -> P:0:6 242.5
DONE 211 312 l2_d37 54 2.6053362631465684 0.1091369249309629 P:6:11 -> P:3:13 242.7
DONE 212 312 l2_d37 58 2.6127491187223164 0.005481581804259408 P:16:20 -> P:15:21 244.3
DONE 213 312 l2_d37 56 2.621331936968284 -0.0048011746672444455 P:10:11 -> P:6:15 244.7
DONE 214 312 l2_d37 55 2.6065524061807555 -0.01782570671847966 P:9:13 -> P:8:14 245.2
DONE 215 312 l2_d37 57 2.612541330721847 -0.009038024521542337 P:15:16 -> P:11:20 246.4
DONE 216 312 l2_d37 59 2.6009405039212967 0.13926485434130914 P:19:24 -> P:3:13 247.7
DONE 217 312 l2_d37 60 2.6177136584022587 0.0192192389153427 W:19:R -> P:8:9 248.6
DONE 218 312 l2_d37 61 2.6095074497094224 0.04840361382469986 W:22:T -> P:3:13 250.5
DONE 219 312 l2_d37 62 2.6204584836338816 -0.05658550022166446 P:1:7 -> P:2:25 251.1
DONE 220 312 l2_d37 64 2.6053236531701134 0.12457581853351624 P:4:9 -> P:3:13 257.3
DONE 221 312 l2_d37 68 2.6173496669894574 -0.00228602076378172 P:13:18 -> P:3:13 257.4
DONE 222 312 l2_d37 63 2.613980169789297 -0.0539824758302902 P:3:9 -> P:4:13 257.9
DONE 223 312 l2_d37 66 2.6140788979931404 0.040264144625570125 P:12:17 -> P:3:13 258.6
DONE 224 312 l2_d37 65 2.6178334919899093 -0.06372081457335815 P:8:12 -> P:3:13 259.1
DONE 225 312 l2_d37 67 2.6181556394677497 -0.0487335891804588 P:12:18 -> P:13:17 260.9
DONE 226 312 l2_d37 69 2.6359830849176076 -0.010606067613553042 P:14:18 -> P:13:19 262.3
DONE 227 312 l2_d37 72 2.6295930697512224 -0.028010797770203377 P:11:15 -> P:10:16 262.8
DONE 228 312 l2_d67 1 2.6236491171488208 0.1252656240450522 P:13:18 -> P:12:16 262.8
DONE 229 312 l2_d67 3 2.623656988290535 0.1168739598385723 W:23:T -> P:12:16 263.0
DONE 230 312 l2_d37 71 2.612872317649424 -0.013319417238757333 P:2:8 -> P:3:13 263.2
DONE 231 312 l2_d37 73 2.6174374588576628 0.03544794126198123 P:21:22 -> P:8:9 263.7
DONE 232 312 l2_d37 75 2.619426664460965 -0.01180157310346041 P:7:8 -> P:8:9 264.2
DONE 233 312 l2_d37 70 2.6097841169947276 0.05885786193885554 P:15:20 -> P:3:13 264.2
DONE 234 312 l2_d37 74 2.6128865719186685 0.0022150744574864862 W:23:T -> P:3:13 265.5
DONE 235 312 l2_d67 6 2.6236168886249667 0.1563188933985165 P:9:14 -> P:12:16 265.9
DONE 236 312 l2_d37 77 2.6213379492650746 0.003707849157903759 P:12:13 -> P:8:9 266.3
DONE 237 312 l2_d37 76 2.6032112867045885 0.13657408567062043 P:10:15 -> P:3:13 267.1
DONE 238 312 l2_d67 9 2.62364846674286 0.1259729309598624 P:19:24 -> P:12:16 268.1
DONE 239 312 l2_d67 8 2.6234241413063177 0.3374497210012912 P:17:21 -> P:12:16 268.1
DONE 240 312 l2_d67 7 2.623485409612114 0.2837889535511844 P:11:16 -> P:12:16 268.2
DONE 241 312 l2_d67 11 2.6236836980561735 0.09159536034901158 P:10:15 -> P:12:16 268.3
DONE 242 312 l2_d67 14 2.623706832014487 0.06926541799373903 P:2:8 -> P:12:16 269.3
DONE 243 312 l2_d67 13 2.623644617141338 0.12976937150625656 W:20:T -> P:12:16 269.5
DONE 244 312 l2_d67 0 2.6344175777833367 0.09244386331172225 P:13:14 -> P:11:17 269.9
DONE 245 312 l2_d67 15 2.62365707699772 0.11771828994060718 P:4:9 -> P:12:16 270.6
DONE 246 312 l2_d67 16 2.623779323875905 0.006138379747473669 P:7:12 -> P:12:16 270.9
DONE 247 312 l2_d67 17 2.6236164325327898 0.15297701033105907 P:8:12 -> P:12:16 271.5
DONE 248 312 l2_d67 20 2.623582528851828 0.18406624204732672 P:13:19 -> P:12:16 274.4
DONE 249 312 l2_d67 27 2.6235760012653224 0.19615885260299498 W:0:B -> P:12:16 275.7
DONE 250 312 l2_d67 2 2.6355902316585103 0.010870876502313885 W:9:R -> P:11:17 275.9
DONE 251 312 l2_d67 4 2.6332650302139133 0.17460842414864935 P:3:4 -> P:11:17 276.2
DONE 252 312 l2_d67 28 2.6234883562033264 0.27982256797685245 W:1:B -> P:12:16 277.1
DONE 253 312 l2_d67 5 2.6354282423486675 0.012390540748049326 P:6:12 -> P:11:17 278.1
DONE 254 312 l2_d67 23 2.620417269037772 2.944718145005015 P:0:25 -> P:12:16 278.6
DONE 255 312 l2_d67 29 2.6236273364793146 0.1457177996764877 W:2:B -> P:12:16 280.0
DONE 256 312 l2_d67 30 2.6236763519164072 0.09854037164332646 W:3:B -> P:12:16 280.9
DONE 257 312 l2_d67 10 2.63326503021486 0.17460842415161298 P:23:24 -> P:11:17 281.3
DONE 258 312 l2_d67 32 2.623582468715931 0.18935739100213714 W:4:B -> P:12:16 281.9
DONE 259 312 l2_d67 12 2.6355902316587794 0.010870876504931617 W:19:R -> P:11:17 282.8
DONE 260 312 l2_d67 37 2.6235143915237464 0.25509066561934535 W:21:T -> P:12:16 286.0
DONE 261 312 l2_d67 18 2.6354282423486697 0.01239054074809535 P:11:12 -> P:11:17 286.5
DONE 262 312 l2_d67 21 2.6359830849177213 -0.010606067612363936 P:18:19 -> P:11:17 286.7
DONE 263 312 l2_d67 38 2.623555153935276 0.2154173255344587 W:22:T -> P:12:16 286.8
DONE 264 312 l2_d67 39 2.6236930989757714 0.08251479000148698 P:0:5 -> P:12:16 287.3
DONE 265 312 l2_d67 19 2.635977394754355 -0.009761175980221522 P:12:13 -> P:11:17 287.5
DONE 266 312 l2_d67 22 2.635895738581766 -0.009708464289674333 P:0:1 -> P:11:17 287.6
DONE 267 312 l2_d67 40 2.623266408271693 0.494337205535729 P:1:25 -> P:12:16 288.4
DONE 268 312 l2_d67 24 2.6314452148547955 0.26538641734144247 P:5:25 -> P:11:17 288.4
DONE 269 312 l2_d67 26 2.6341501831390697 0.1093196357198122 W:0:L -> P:11:17 289.0
DONE 270 312 l2_d67 25 2.634604177532445 0.06814862405461303 P:7:25 -> P:11:17 289.2
DONE 271 312 l2_d67 41 2.6234428435828314 0.32124407880701833 P:2:7 -> P:12:16 291.1
DONE 272 312 l2_d67 44 2.623662138245423 0.10982488398781573 P:9:13 -> P:12:16 291.8
DONE 273 312 l2_d67 42 2.62353888130406 0.22841003775342902 P:3:9 -> P:12:16 293.0
DONE 274 312 l2_d67 31 2.6309704355601755 0.32139287975291425 W:4:R -> P:11:17 294.2
DONE 275 312 l2_d67 47 2.6233743859851626 0.38938441501850435 P:17:22 -> P:12:16 294.3
DONE 276 312 l2_d67 33 2.632103412269776 0.23242986212350367 W:5:L -> P:11:17 295.6
DONE 277 312 l2_d67 52 2.6237372369526595 0.03808991280041968 P:1:7 -> P:12:16 296.0
DONE 278 312 l2_d67 34 2.633191089420524 0.15986150550007563 W:10:L -> P:11:17 296.3
DONE 279 312 l2_d67 35 2.6321034122693754 0.23242986212083144 W:15:L -> P:11:17 297.9
DONE 280 312 l2_d67 36 2.63415018313916 0.10931963572087611 W:20:L -> P:11:17 298.4
DONE 281 312 l2_d67 55 2.6235853255109363 0.18637503973671277 P:8:13 -> P:12:16 299.3
DONE 282 312 l2_d67 59 2.623645866574165 0.12804211582378316 P:5:10 -> P:12:16 301.4
DONE 283 312 l2_d67 58 2.6235748866508564 0.19648949808058253 W:24:T -> P:12:16 301.6
DONE 284 312 l2_d67 60 2.6236166476258584 0.15655382080595182 P:6:11 -> P:12:16 303.0
DONE 285 312 l2_d67 61 2.6236278534551194 0.14525721265261338 P:6:25 -> P:12:16 303.1
DONE 286 312 l2_d67 62 2.6236272410906656 0.14641447083720327 P:14:19 -> P:12:16 304.1
DONE 287 312 l2_d67 43 2.635069821581273 0.049143714101413376 P:7:8 -> P:11:17 304.9
DONE 288 312 l2_d67 45 2.635328412488758 -0.011551244714699042 P:11:15 -> P:11:17 306.3
DONE 289 312 l2_d67 49 2.634709334791248 0.07495027766356109 P:21:22 -> P:11:17 306.4
DONE 290 312 l2_d67 48 2.635895738581766 -0.009708464289674902 P:20:21 -> P:11:17 306.5
DONE 291 312 l2_d67 64 2.623585424195644 0.18388557413891304 P:19:23 -> P:12:16 306.7
DONE 292 312 l2_d67 46 2.6314452148557828 0.2653864173534661 P:15:16 -> P:11:17 306.9
DONE 293 312 l2_d67 51 2.6347093347909 0.07495027766236899 P:1:2 -> P:11:17 307.0
DONE 294 312 l2_d67 50 2.6340694892738266 0.12126043532352045 P:22:23 -> P:11:17 308.1
DONE 295 312 l2_d67 65 2.623637634039467 0.13618423749811692 P:3:8 -> P:12:16 308.2
DONE 296 312 l2_d67 68 2.623569689241569 0.20131659561231424 P:18:23 -> P:12:16 310.5
DONE 297 312 l2_d67 71 2.6237201552875833 0.05610604728036375 P:12:17 -> P:12:16 311.0
DONE 298 312 l2_d67 72 2.6236327230481677 0.14078967040760254 P:16:21 -> P:12:16 311.7
DONE 299 312 l2_d67 54 2.633250782719185 0.13993743215165688 P:6:10 -> P:11:17 311.9
DONE 300 312 l2_d67 74 2.623661522789836 0.11346240125422938 P:15:20 -> P:12:16 312.0
DONE 301 312 l2_d67 67 2.622494786533734 1.177930821933592 P:12:18 -> P:12:16 312.3
DONE 302 312 l2_d67 56 2.6332507827191916 0.1399374321517446 P:10:11 -> P:11:17 313.1
DONE 303 312 l2_d67 57 2.630970435561284 0.3213928797597221 W:24:R -> P:11:17 313.1
DONE 304 312 l2_d67 53 2.623895597844971 -0.09575337871041531 P:6:7 -> P:11:17 314.0
DONE 305 312 l2_d67 77 2.6237248300217826 0.050550584859474224 P:18:22 -> P:12:16 314.4
DONE 306 312 l2_d67 75 2.6216339838728038 1.7448523782045908 P:16:20 -> P:12:16 315.3
DONE 307 312 l2_d67 63 2.6346041775324704 0.06814862405570997 P:16:17 -> P:11:17 316.4
DONE 308 312 l2_d67 66 2.635328412488803 -0.011551244713318727 P:5:6 -> P:11:17 316.6
DONE 309 312 l2_d67 69 2.6291357337974186 0.4183381379880572 W:14:R -> P:11:17 317.3
DONE 310 312 l2_d67 70 2.635983084917608 -0.010606067613541983 P:8:9 -> P:11:17 317.5
DONE 311 312 l2_d67 73 2.6340694892738057 0.12126043532347872 P:2:3 -> P:11:17 317.7
DONE 312 312 l2_d67 76 2.635069821581602 0.04914371410235771 P:17:18 -> P:11:17 317.9
